Archive member included to satisfy reference by file (symbol)

/usr/local/Cellar/arm-none-eabi-gcc/8-2018-q4-major/gcc/bin/../lib/gcc/arm-none-eabi/8.2.1/thumb/v6-m/nofp/libgcc.a(_udivsi3.o)
                              Segger/printf.o (__aeabi_uidiv)
/usr/local/Cellar/arm-none-eabi-gcc/8-2018-q4-major/gcc/bin/../lib/gcc/arm-none-eabi/8.2.1/thumb/v6-m/nofp/libgcc.a(_divsi3.o)
                              Segger/printf.o (__aeabi_idiv)
/usr/local/Cellar/arm-none-eabi-gcc/8-2018-q4-major/gcc/bin/../lib/gcc/arm-none-eabi/8.2.1/thumb/v6-m/nofp/libgcc.a(_dvmd_tls.o)
                              /usr/local/Cellar/arm-none-eabi-gcc/8-2018-q4-major/gcc/bin/../lib/gcc/arm-none-eabi/8.2.1/thumb/v6-m/nofp/libgcc.a(_udivsi3.o) (__aeabi_idiv0)
/usr/local/Cellar/arm-none-eabi-gcc/8-2018-q4-major/gcc/bin/../lib/gcc/arm-none-eabi/8.2.1/thumb/v6-m/nofp/libgcc.a(_arm_cmpdf2.o)
                              Segger/printf.o (__aeabi_dcmpeq)
/usr/local/Cellar/arm-none-eabi-gcc/8-2018-q4-major/gcc/bin/../lib/gcc/arm-none-eabi/8.2.1/thumb/v6-m/nofp/libgcc.a(_arm_cmpsf2.o)
                              Conductivity/conductivity.o (__aeabi_fcmplt)
/usr/local/Cellar/arm-none-eabi-gcc/8-2018-q4-major/gcc/bin/../lib/gcc/arm-none-eabi/8.2.1/thumb/v6-m/nofp/libgcc.a(_aeabi_uldivmod.o)
                              Segger/printf.o (__aeabi_uldivmod)
/usr/local/Cellar/arm-none-eabi-gcc/8-2018-q4-major/gcc/bin/../lib/gcc/arm-none-eabi/8.2.1/thumb/v6-m/nofp/libgcc.a(_fixunsdfsi.o)
                              Segger/printf.o (__aeabi_d2uiz)
/usr/local/Cellar/arm-none-eabi-gcc/8-2018-q4-major/gcc/bin/../lib/gcc/arm-none-eabi/8.2.1/thumb/v6-m/nofp/libgcc.a(_udivmoddi4.o)
                              /usr/local/Cellar/arm-none-eabi-gcc/8-2018-q4-major/gcc/bin/../lib/gcc/arm-none-eabi/8.2.1/thumb/v6-m/nofp/libgcc.a(_aeabi_uldivmod.o) (__udivmoddi4)
/usr/local/Cellar/arm-none-eabi-gcc/8-2018-q4-major/gcc/bin/../lib/gcc/arm-none-eabi/8.2.1/thumb/v6-m/nofp/libgcc.a(divsf3.o)
                              Conductivity/conductivity.o (__aeabi_fdiv)
/usr/local/Cellar/arm-none-eabi-gcc/8-2018-q4-major/gcc/bin/../lib/gcc/arm-none-eabi/8.2.1/thumb/v6-m/nofp/libgcc.a(eqsf2.o)
                              /usr/local/Cellar/arm-none-eabi-gcc/8-2018-q4-major/gcc/bin/../lib/gcc/arm-none-eabi/8.2.1/thumb/v6-m/nofp/libgcc.a(_arm_cmpsf2.o) (__eqsf2)
/usr/local/Cellar/arm-none-eabi-gcc/8-2018-q4-major/gcc/bin/../lib/gcc/arm-none-eabi/8.2.1/thumb/v6-m/nofp/libgcc.a(gesf2.o)
                              /usr/local/Cellar/arm-none-eabi-gcc/8-2018-q4-major/gcc/bin/../lib/gcc/arm-none-eabi/8.2.1/thumb/v6-m/nofp/libgcc.a(_arm_cmpsf2.o) (__gesf2)
/usr/local/Cellar/arm-none-eabi-gcc/8-2018-q4-major/gcc/bin/../lib/gcc/arm-none-eabi/8.2.1/thumb/v6-m/nofp/libgcc.a(lesf2.o)
                              /usr/local/Cellar/arm-none-eabi-gcc/8-2018-q4-major/gcc/bin/../lib/gcc/arm-none-eabi/8.2.1/thumb/v6-m/nofp/libgcc.a(_arm_cmpsf2.o) (__lesf2)
/usr/local/Cellar/arm-none-eabi-gcc/8-2018-q4-major/gcc/bin/../lib/gcc/arm-none-eabi/8.2.1/thumb/v6-m/nofp/libgcc.a(mulsf3.o)
                              Conductivity/conductivity.o (__aeabi_fmul)
/usr/local/Cellar/arm-none-eabi-gcc/8-2018-q4-major/gcc/bin/../lib/gcc/arm-none-eabi/8.2.1/thumb/v6-m/nofp/libgcc.a(subsf3.o)
                              Conductivity/conductivity.o (__aeabi_fsub)
/usr/local/Cellar/arm-none-eabi-gcc/8-2018-q4-major/gcc/bin/../lib/gcc/arm-none-eabi/8.2.1/thumb/v6-m/nofp/libgcc.a(fixsfsi.o)
                              Conductivity/conductivity.o (__aeabi_f2iz)
/usr/local/Cellar/arm-none-eabi-gcc/8-2018-q4-major/gcc/bin/../lib/gcc/arm-none-eabi/8.2.1/thumb/v6-m/nofp/libgcc.a(floatsisf.o)
                              Conductivity/conductivity.o (__aeabi_i2f)
/usr/local/Cellar/arm-none-eabi-gcc/8-2018-q4-major/gcc/bin/../lib/gcc/arm-none-eabi/8.2.1/thumb/v6-m/nofp/libgcc.a(floatunsisf.o)
                              Conductivity/conductivity.o (__aeabi_ui2f)
/usr/local/Cellar/arm-none-eabi-gcc/8-2018-q4-major/gcc/bin/../lib/gcc/arm-none-eabi/8.2.1/thumb/v6-m/nofp/libgcc.a(adddf3.o)
                              Segger/printf.o (__aeabi_dadd)
/usr/local/Cellar/arm-none-eabi-gcc/8-2018-q4-major/gcc/bin/../lib/gcc/arm-none-eabi/8.2.1/thumb/v6-m/nofp/libgcc.a(divdf3.o)
                              Segger/printf.o (__aeabi_ddiv)
/usr/local/Cellar/arm-none-eabi-gcc/8-2018-q4-major/gcc/bin/../lib/gcc/arm-none-eabi/8.2.1/thumb/v6-m/nofp/libgcc.a(eqdf2.o)
                              /usr/local/Cellar/arm-none-eabi-gcc/8-2018-q4-major/gcc/bin/../lib/gcc/arm-none-eabi/8.2.1/thumb/v6-m/nofp/libgcc.a(_arm_cmpdf2.o) (__eqdf2)
/usr/local/Cellar/arm-none-eabi-gcc/8-2018-q4-major/gcc/bin/../lib/gcc/arm-none-eabi/8.2.1/thumb/v6-m/nofp/libgcc.a(gedf2.o)
                              /usr/local/Cellar/arm-none-eabi-gcc/8-2018-q4-major/gcc/bin/../lib/gcc/arm-none-eabi/8.2.1/thumb/v6-m/nofp/libgcc.a(_arm_cmpdf2.o) (__gedf2)
[...]
Memory Configuration

Name             Origin             Length             Attributes
rom              0x0000000000000800 0x0000000000003800 xr
ram              0x0000000020000000 0x0000000000001000 xrw
*default*        0x0000000000000000 0xffffffffffffffff

Linker script and memory map

LOAD /usr/local/Cellar/arm-none-eabi-gcc/8-2018-q4-major/gcc/bin/../lib/gcc/arm-none-eabi/8.2.1/thumb/v6-m/nofp/crti.o
LOAD /usr/local/Cellar/arm-none-eabi-gcc/8-2018-q4-major/gcc/bin/../lib/gcc/arm-none-eabi/8.2.1/thumb/v6-m/nofp/crtbegin.o
LOAD /usr/local/Cellar/arm-none-eabi-gcc/8-2018-q4-major/gcc/bin/../lib/gcc/arm-none-eabi/8.2.1/../../../../arm-none-eabi/lib/thumb/v6-m/nofp/crt0.o
LOAD BodyTemp/mrt311.o
LOAD clock.o
LOAD Color/color.o
LOAD Conductivity/conductivity.o
LOAD device.o
LOAD main.o
LOAD PPG/ppg.o
LOAD PPG/sns_dd_pah_comm_i2c.o
LOAD PPG/sns_dd_pah_driver_8011.o
LOAD PPG/sns_dd_pah_driver_8011_reg_array.o
LOAD PPG/sns_dd_pah_i2c.o
LOAD Segger/printf.o
LOAD Segger/SEGGER_RTT.o
LOAD Segger/SEGGER_RTT_Syscalls_GCC.o
LOAD Sensirion/senserion_sensors.o
LOAD Sensirion/sensirion_common.o
LOAD Sensirion/sensirion_humidity_conversion.o
LOAD Sensirion/sensirion_hw_i2c_implementation.o
LOAD Sensirion/sensirion_temperature_unit_conversion.o
LOAD Sensirion/sgp30.o
LOAD Sensirion/sgpc3.o
LOAD Sensirion/sgpc3_with_shtc1.o
LOAD Sensirion/sht3x.o
LOAD Sensirion/shtc1.o
LOAD sensor.o
LOAD sercom_i2c.o
LOAD syscalls.o
LOAD USB/Class/dfu.o
LOAD USB/Class/msft_20.o
LOAD USB/usb.o
LOAD USB/usbserial.o
LOAD USB/usb_requests.o
LOAD USB/usb_samd.o
LOAD UV/si1133.o
LOAD Device_Startup/startup_samd11.o
LOAD Device_Startup/system_samd11.o
START GROUP
LOAD /usr/local/Cellar/arm-none-eabi-gcc/8-2018-q4-major/gcc/bin/../lib/gcc/arm-none-eabi/8.2.1/../../../../arm-none-eabi/lib/thumb/v6-m/nofp/libm.a
END GROUP
START GROUP
LOAD /usr/local/Cellar/arm-none-eabi-gcc/8-2018-q4-major/gcc/bin/../lib/gcc/arm-none-eabi/8.2.1/thumb/v6-m/nofp/libgcc.a
LOAD /usr/local/Cellar/arm-none-eabi-gcc/8-2018-q4-major/gcc/bin/../lib/gcc/arm-none-eabi/8.2.1/../../../../arm-none-eabi/lib/thumb/v6-m/nofp/libc_nano.a
END GROUP
START GROUP
LOAD /usr/local/Cellar/arm-none-eabi-gcc/8-2018-q4-major/gcc/bin/../lib/gcc/arm-none-eabi/8.2.1/thumb/v6-m/nofp/libgcc.a
LOAD /usr/local/Cellar/arm-none-eabi-gcc/8-2018-q4-major/gcc/bin/../lib/gcc/arm-none-eabi/8.2.1/../../../../arm-none-eabi/lib/thumb/v6-m/nofp/libc_nano.a
END GROUP
LOAD /usr/local/Cellar/arm-none-eabi-gcc/8-2018-q4-major/gcc/bin/../lib/gcc/arm-none-eabi/8.2.1/thumb/v6-m/nofp/crtend.o
LOAD /usr/local/Cellar/arm-none-eabi-gcc/8-2018-q4-major/gcc/bin/../lib/gcc/arm-none-eabi/8.2.1/thumb/v6-m/nofp/crtn.o
                0x0000000000000400                STACK_SIZE = DEFINED (STACK_SIZE)?STACK_SIZE:DEFINED (__stack_size__)?__stack_size__:0x400

.text           0x0000000000000800     0x1b18
                0x0000000000000800                . = ALIGN (0x4)
                0x0000000000000800                _sfixed = .
 *(.vectors .vectors.*)
 .vectors       0x0000000000000800       0x8c Device_Startup/startup_samd11.o
                0x0000000000000800                exception_table
 *(.text .text.* .gnu.linkonce.t.*)
 .text          0x000000000000088c       0x48 /usr/local/Cellar/arm-none-eabi-gcc/8-2018-q4-major/gcc/bin/../lib/gcc/arm-none-eabi/8.2.1/thumb/v6-m/nofp/crtbegin.o
 .text.multi3   0x00000000000008d4       0x7a BodyTemp/mrt311.o
 *fill*         0x000000000000094e        0x2 
 .text.ntcToTemp
                0x0000000000000950       0x88 BodyTemp/mrt311.o
 .text.irToTemp
                0x00000000000009d8       0x88 BodyTemp/mrt311.o
 .text.mrt311_init
                0x0000000000000a60       0xc8 BodyTemp/mrt311.o
                0x0000000000000a60                mrt311_init
 .text.mrt311_setADCInput
                0x0000000000000b28       0x1c BodyTemp/mrt311.o
                0x0000000000000b28                mrt311_setADCInput
 .text.mrt311_readADC
                0x0000000000000b44       0x20 BodyTemp/mrt311.o
                0x0000000000000b44                mrt311_readADC
 .text.mrt311_read
                0x0000000000000b64       0x60 BodyTemp/mrt311.o
                0x0000000000000b64                mrt311_read
 .text.clock_init
                0x0000000000000bc4      0x148 clock.o
                0x0000000000000bc4                clock_init
 .text.clock_getTicks
                0x0000000000000d0c        0xc clock.o
                0x0000000000000d0c                clock_getTicks
 .text.SysTick_Handler
                0x0000000000000d18       0x10 clock.o
                0x0000000000000d18                SysTick_Handler
 .text.clock_delayMs
                0x0000000000000d28       0x1c clock.o
                0x0000000000000d28                clock_delayMs
 .text.dev_led  0x0000000000000d44       0x38 device.o
                0x0000000000000d44                dev_led
 .text.dev_init
                0x0000000000000d7c        0xc device.o
                0x0000000000000d7c                dev_init
 .text.main     0x0000000000000d88       0xd0 main.o
                0x0000000000000d88                main
 .text.HardFault_Handler
                0x0000000000000e58        0x2 main.o
                0x0000000000000e58                HardFault_Handler
 *fill*         0x0000000000000e5a        0x2 
 .text.NonMaskableInt_Handler
                0x0000000000000e5c       0x1c PPG/ppg.o
                0x0000000000000e5c                NonMaskableInt_Handler
 .text.sensor_initPacket
                0x0000000000000e78       0x2c sensor.o
                0x0000000000000e78                sensor_initPacket
 .text.sensor_init
                0x0000000000000ea4       0x10 sensor.o
                0x0000000000000ea4                sensor_init
 .text.sensor_name
                0x0000000000000eb4        0x8 sensor.o
                0x0000000000000eb4                sensor_name
 .text.sensor_read
                0x0000000000000ebc       0x4c sensor.o
                0x0000000000000ebc                sensor_read
 .text.i2c_init
                0x0000000000000f08       0xf8 sercom_i2c.o
                0x0000000000000f08                i2c_init
 .text.i2c_cmd  0x0000000000001000       0x30 sercom_i2c.o
                0x0000000000001000                i2c_cmd
 .text.SERCOM1_Handler
                0x0000000000001030      0x220 sercom_i2c.o
                0x0000000000001030                SERCOM1_Handler
 .text.dfu_requestHandler
                0x0000000000001250       0x70 USB/Class/dfu.o
                0x0000000000001250                dfu_requestHandler
 .text.webusb_getUrl
                0x00000000000012c0       0x10 USB/Class/dfu.o
                0x00000000000012c0                webusb_getUrl
 .text.msft_getDescSet
                0x00000000000012d0        0xc USB/Class/msft_20.o
                0x00000000000012d0                msft_getDescSet
 .text.usb_cb_get_descriptor
                0x00000000000012dc       0x9c USB/usb.o
                0x00000000000012dc                usb_cb_get_descriptor
 .text.usb_cb_reset
                0x0000000000001378        0x2 USB/usb.o
                0x0000000000001378                usb_cb_reset
 *fill*         0x000000000000137a        0x2 
 .text.usb_cb_set_configuration
                0x000000000000137c       0x18 USB/usb.o
                0x000000000000137c                usb_cb_set_configuration
 .text.req_gpio
                0x0000000000001394       0x18 USB/usb.o
                0x0000000000001394                req_gpio
 .text.req_info
                0x00000000000013ac       0x10 USB/usb.o
                0x00000000000013ac                req_info
 .text.req_boot
                0x00000000000013bc       0x18 USB/usb.o
                0x00000000000013bc                req_boot
 .text.req_reset
                0x00000000000013d4       0x18 USB/usb.o
                0x00000000000013d4                req_reset
 .text.req_boot_status
                0x00000000000013ec       0x20 USB/usb.o
                0x00000000000013ec                req_boot_status
 .text.usb_cb_control_setup
                0x000000000000140c       0x80 USB/usb.o
                0x000000000000140c                usb_cb_control_setup
 .text.usb_cb_control_in_completion
                0x000000000000148c        0x2 USB/usb.o
                0x000000000000148c                usb_cb_control_in_completion
 .text.usb_cb_control_out_completion
                0x000000000000148e        0x2 USB/usb.o
                0x000000000000148e                usb_cb_control_out_completion
 .text.usb_cb_completion
                0x0000000000001490       0x40 USB/usb.o
                0x0000000000001490                usb_cb_completion
 .text.usb_cb_set_interface
                0x00000000000014d0       0x36 USB/usb.o
                0x00000000000014d0                usb_cb_set_interface
 *fill*         0x0000000000001506        0x2 
 .text.usbserial_init
                0x0000000000001508       0x40 USB/usbserial.o
                0x0000000000001508                usbserial_init
 .text.usbserial_out_completion
                0x0000000000001548       0x30 USB/usbserial.o
                0x0000000000001548                usbserial_out_completion
 .text.usbserial_tx
                0x0000000000001578       0x48 USB/usbserial.o
                0x0000000000001578                usbserial_tx
 .text.usbserial_in_completion
                0x00000000000015c0        0xc USB/usbserial.o
                0x00000000000015c0                usbserial_in_completion
 .text.usbserial_cb_linestate
                0x00000000000015cc       0x20 USB/usbserial.o
                0x00000000000015cc                usbserial_cb_linestate
 .text.usb_ep0_in_multi
                0x00000000000015ec       0x60 USB/usb_requests.o
                0x00000000000015ec                usb_ep0_in_multi
 .text.usb_handle_control_out_complete
                0x000000000000164c       0x1c USB/usb_requests.o
                0x000000000000164c                usb_handle_control_out_complete
 .text.usb_handle_control_in_complete
                0x0000000000001668       0x5c USB/usb_requests.o
                0x0000000000001668                usb_handle_control_in_complete
 .text.usb_handle_msft20
                0x00000000000016c4       0x78 USB/usb_requests.o
                0x00000000000016c4                usb_handle_msft20
 .text.usb_handle_setup
                0x000000000000173c      0x2d4 USB/usb_requests.o
                0x000000000000173c                usb_handle_setup
 .text.usb_string_to_descriptor
                0x0000000000001a10       0x3c USB/usb_requests.o
                0x0000000000001a10                usb_string_to_descriptor
 .text.usb_reset
                0x0000000000001a4c       0x54 USB/usb_samd.o
                0x0000000000001a4c                usb_reset
 .text.usb_init
                0x0000000000001aa0       0xc8 USB/usb_samd.o
                0x0000000000001aa0                usb_init
 .text.usb_set_address
                0x0000000000001b68       0x14 USB/usb_samd.o
                0x0000000000001b68                usb_set_address
 .text.usb_enable_ep
                0x0000000000001b7c      0x108 USB/usb_samd.o
                0x0000000000001b7c                usb_enable_ep
 .text.usb_ep_start_out
                0x0000000000001c84       0x50 USB/usb_samd.o
                0x0000000000001c84                usb_ep_start_out
 .text.usb_ep_start_in
                0x0000000000001cd4       0x60 USB/usb_samd.o
                0x0000000000001cd4                usb_ep_start_in
 .text.usb_ep_pending
                0x0000000000001d34       0x38 USB/usb_samd.o
                0x0000000000001d34                usb_ep_pending
 .text.usb_ep_handled
                0x0000000000001d6c       0x34 USB/usb_samd.o
                0x0000000000001d6c                usb_ep_handled
 .text.usb_attach
                0x0000000000001da0       0x2c USB/usb_samd.o
                0x0000000000001da0                usb_attach
 .text.usb_ep0_out
                0x0000000000001dcc       0x48 USB/usb_samd.o
                0x0000000000001dcc                usb_ep0_out
 .text.usb_ep0_in
                0x0000000000001e14       0x50 USB/usb_samd.o
                0x0000000000001e14                usb_ep0_in
 .text.usb_ep0_stall
                0x0000000000001e64       0x10 USB/usb_samd.o
                0x0000000000001e64                usb_ep0_stall
 .text.USB_Handler
                0x0000000000001e74       0xc4 USB/usb_samd.o
                0x0000000000001e74                USB_Handler
 .text.samd_serial_number_string_descriptor
                0x0000000000001f38       0x64 USB/usb_samd.o
                0x0000000000001f38                samd_serial_number_string_descriptor
 .text.Dummy_Handler
                0x0000000000001f9c        0x2 Device_Startup/startup_samd11.o
                0x0000000000001f9c                SYSCTRL_Handler
                0x0000000000001f9c                DMAC_Handler
                0x0000000000001f9c                TC2_Handler
                0x0000000000001f9c                AC_Handler
                0x0000000000001f9c                PendSV_Handler
                0x0000000000001f9c                ADC_Handler
                0x0000000000001f9c                SERCOM2_Handler
                0x0000000000001f9c                TCC0_Handler
                0x0000000000001f9c                RTC_Handler
                0x0000000000001f9c                EIC_Handler
                0x0000000000001f9c                WDT_Handler
                0x0000000000001f9c                TC1_Handler
                0x0000000000001f9c                Dummy_Handler
                0x0000000000001f9c                PM_Handler
                0x0000000000001f9c                EVSYS_Handler
                0x0000000000001f9c                NVMCTRL_Handler
                0x0000000000001f9c                SERCOM0_Handler
                0x0000000000001f9c                DAC_Handler
                0x0000000000001f9c                PTC_Handler
                0x0000000000001f9c                SVCall_Handler
 *fill*         0x0000000000001f9e        0x2 
 .text.Reset_Handler
                0x0000000000001fa0       0xbc Device_Startup/startup_samd11.o
                0x0000000000001fa0                Reset_Handler
 .text.SystemInit
                0x000000000000205c       0x10 Device_Startup/system_samd11.o
                0x000000000000205c                SystemInit
 .text.__libc_init_array
                0x000000000000206c       0x48 /usr/local/Cellar/arm-none-eabi-gcc/8-2018-q4-major/gcc/bin/../lib/gcc/arm-none-eabi/8.2.1/../../../../arm-none-eabi/lib/thumb/v6-m/nofp/libc_nano.a(lib_a-init.o)
                0x000000000000206c                __libc_init_array
 .text.memcpy   0x00000000000020b4       0x12 /usr/local/Cellar/arm-none-eabi-gcc/8-2018-q4-major/gcc/bin/../lib/gcc/arm-none-eabi/8.2.1/../../../../arm-none-eabi/lib/thumb/v6-m/nofp/libc_nano.a(lib_a-memcpy-stub.o)
                0x00000000000020b4                memcpy
 .text.memset   0x00000000000020c6       0x10 /usr/local/Cellar/arm-none-eabi-gcc/8-2018-q4-major/gcc/bin/../lib/gcc/arm-none-eabi/8.2.1/../../../../arm-none-eabi/lib/thumb/v6-m/nofp/libc_nano.a(lib_a-memset.o)
                0x00000000000020c6                memset
 .text          0x00000000000020d6        0xe /usr/local/Cellar/arm-none-eabi-gcc/8-2018-q4-major/gcc/bin/../lib/gcc/arm-none-eabi/8.2.1/../../../../arm-none-eabi/lib/thumb/v6-m/nofp/libc_nano.a(lib_a-strlen.o)
                0x00000000000020d6                strlen
 *(.glue_7t)
 .glue_7t       0x00000000000020e4        0x0 linker stubs
 *(.glue_7)
 .glue_7        0x00000000000020e4        0x0 linker stubs
 *(.rodata .rodata* .gnu.linkonce.r.*)
 .rodata        0x00000000000020e4        0xc sensor.o
 .rodata.str1.4
                0x00000000000020f0       0x1c sensor.o
 .rodata        0x000000000000210c       0xb2 USB/Class/msft_20.o
                0x000000000000210c                MSFTDescriptor
 *fill*         0x00000000000021be        0x2 
 .rodata        0x00000000000021c0       0xc6 USB/usb.o
                0x00000000000021d4                language_string
                0x00000000000021d8                device_descriptor
                0x00000000000021ec                configuration_descriptor
                0x000000000000224c                bos_descriptor
                0x0000000000002285                usb_num_endpoints
 *fill*         0x0000000000002286        0x2 
 .rodata.str1.4
                0x0000000000002288       0x19 USB/usb.o
 *fill*         0x00000000000022a1        0x3 
 .rodata        0x00000000000022a4       0x30 USB/usb_requests.o
 .rodata.str1.4
                0x00000000000022d4       0x24 USB/usb_samd.o
                                         0x21 (size before relaxing)
 *(.ARM.extab* .gnu.linkonce.armextab.*)
                0x00000000000022f8                . = ALIGN (0x4)
 *(.init)
 .init          0x00000000000022f8        0x4 /usr/local/Cellar/arm-none-eabi-gcc/8-2018-q4-major/gcc/bin/../lib/gcc/arm-none-eabi/8.2.1/thumb/v6-m/nofp/crti.o
                0x00000000000022f8                _init
 .init          0x00000000000022fc        0x8 /usr/local/Cellar/arm-none-eabi-gcc/8-2018-q4-major/gcc/bin/../lib/gcc/arm-none-eabi/8.2.1/thumb/v6-m/nofp/crtn.o
                0x0000000000002304                . = ALIGN (0x4)
                0x0000000000002304                __preinit_array_start = .
 *(.preinit_array)
                0x0000000000002304                __preinit_array_end = .
                0x0000000000002304                . = ALIGN (0x4)
                0x0000000000002304                __init_array_start = .
 *(SORT_BY_NAME(.init_array.*))
 *(.init_array)
 .init_array    0x0000000000002304        0x4 /usr/local/Cellar/arm-none-eabi-gcc/8-2018-q4-major/gcc/bin/../lib/gcc/arm-none-eabi/8.2.1/thumb/v6-m/nofp/crtbegin.o
                0x0000000000002308                __init_array_end = .
                0x0000000000002308                . = ALIGN (0x4)
 *crtbegin.o(.ctors)
 *(EXCLUDE_FILE(*crtend.o) .ctors)
 *(SORT_BY_NAME(.ctors.*))
 *crtend.o(.ctors)
                0x0000000000002308                . = ALIGN (0x4)
 *(.fini)
 .fini          0x0000000000002308        0x4 /usr/local/Cellar/arm-none-eabi-gcc/8-2018-q4-major/gcc/bin/../lib/gcc/arm-none-eabi/8.2.1/thumb/v6-m/nofp/crti.o
                0x0000000000002308                _fini
 .fini          0x000000000000230c        0x8 /usr/local/Cellar/arm-none-eabi-gcc/8-2018-q4-major/gcc/bin/../lib/gcc/arm-none-eabi/8.2.1/thumb/v6-m/nofp/crtn.o
                0x0000000000002314                . = ALIGN (0x4)
                0x0000000000002314                __fini_array_start = .
 *(.fini_array)
 .fini_array    0x0000000000002314        0x4 /usr/local/Cellar/arm-none-eabi-gcc/8-2018-q4-major/gcc/bin/../lib/gcc/arm-none-eabi/8.2.1/thumb/v6-m/nofp/crtbegin.o
 *(SORT_BY_NAME(.fini_array.*))
                0x0000000000002318                __fini_array_end = .
 *crtbegin.o(.dtors)
 *(EXCLUDE_FILE(*crtend.o) .dtors)
 *(SORT_BY_NAME(.dtors.*))
 *crtend.o(.dtors)
                0x0000000000002318                . = ALIGN (0x4)
                0x0000000000002318                _efixed = .
                [!provide]                        PROVIDE (__exidx_start = .)

.vfp11_veneer   0x0000000000002318        0x0
 .vfp11_veneer  0x0000000000002318        0x0 linker stubs

.v4_bx          0x0000000000002318        0x0
 .v4_bx         0x0000000000002318        0x0 linker stubs

.iplt           0x0000000000002318        0x0
 .iplt          0x0000000000002318        0x0 /usr/local/Cellar/arm-none-eabi-gcc/8-2018-q4-major/gcc/bin/../lib/gcc/arm-none-eabi/8.2.1/thumb/v6-m/nofp/crtbegin.o

.igot.plt       0x0000000000002318        0x0
 .igot.plt      0x0000000000002318        0x0 /usr/local/Cellar/arm-none-eabi-gcc/8-2018-q4-major/gcc/bin/../lib/gcc/arm-none-eabi/8.2.1/thumb/v6-m/nofp/crtbegin.o

.eh_frame       0x0000000000002318        0x0
 .eh_frame      0x0000000000002318        0x0 /usr/local/Cellar/arm-none-eabi-gcc/8-2018-q4-major/gcc/bin/../lib/gcc/arm-none-eabi/8.2.1/thumb/v6-m/nofp/crtbegin.o

.rel.dyn        0x0000000000002318        0x0
 .rel.iplt      0x0000000000002318        0x0 /usr/local/Cellar/arm-none-eabi-gcc/8-2018-q4-major/gcc/bin/../lib/gcc/arm-none-eabi/8.2.1/thumb/v6-m/nofp/crtbegin.o

.ARM.exidx
 *(.ARM.exidx* .gnu.linkonce.armexidx.*)
                [!provide]                        PROVIDE (__exidx_end = .)
                0x0000000000002318                . = ALIGN (0x4)
                0x0000000000002318                _etext = .

.relocate       0x0000000020000000       0x6c load address 0x0000000000002318
                0x0000000020000000                . = ALIGN (0x4)
                0x0000000020000000                _srelocate = .
 *(.ramfunc .ramfunc.*)
 *(.data .data.*)
 .data          0x0000000020000000       0x1e USB/Class/dfu.o
                0x0000000020000000                status
                0x0000000020000008                webusb_landing_page
 *fill*         0x000000002000001e        0x2 
 .data          0x0000000020000020       0x48 USB/usb_requests.o
                0x0000000020000028                msft_compID
 .data          0x0000000020000068        0x4 Device_Startup/system_samd11.o
                0x0000000020000068                SystemCoreClock
                0x000000002000006c                . = ALIGN (0x4)
                0x000000002000006c                _erelocate = .

.bss            0x000000002000006c      0x3d8 load address 0x0000000000002384
                0x000000002000006c                . = ALIGN (0x4)
                0x000000002000006c                _sbss = .
                0x000000002000006c                _szero = .
 *(.bss .bss.*)
 .bss           0x000000002000006c       0x1c /usr/local/Cellar/arm-none-eabi-gcc/8-2018-q4-major/gcc/bin/../lib/gcc/arm-none-eabi/8.2.1/thumb/v6-m/nofp/crtbegin.o
 .bss           0x0000000020000088       0xa4 PPG/ppg.o
                0x0000000020000089                pah_int
 .bss           0x000000002000012c       0x4c sercom_i2c.o
 *(COMMON)
 COMMON         0x0000000020000178        0x4 clock.o
                0x0000000020000178                g_ticks
 COMMON         0x000000002000017c        0x4 sensor.o
                0x000000002000017c                g_packet
 COMMON         0x0000000020000180      0x114 USB/usb.o
                0x0000000020000180                ep0_buffer
                0x0000000020000214                usb_endpoints
 COMMON         0x0000000020000294      0x120 USB/usbserial.o
                0x0000000020000294                usbserial_buffer_in_b
                0x00000000200002d4                tx_busy
                0x00000000200002d8                hw_info
                0x00000000200002f4                usbserial_buffer_in_a
                0x0000000020000334                usbserial_buffer_out_b
                0x0000000020000374                usbserial_buffer_out_a
 COMMON         0x00000000200003b4       0x90 USB/usb_requests.o
                0x00000000200003b4                ep0_buf_in
                0x00000000200003f4                usb_configuration
                0x00000000200003f6                usb_ep0_in_size
                0x00000000200003f8                usb_ep0_in_ptr
                0x00000000200003fc                usb_setup
                0x0000000020000404                ep0_buf_out
                0x0000000020000444                . = ALIGN (0x4)
                0x0000000020000444                _ebss = .
                0x0000000020000444                _ezero = .

.stack          0x0000000020000444      0x404 load address 0x000000000000275c
                0x0000000020000448                . = ALIGN (0x8)
 *fill*         0x0000000020000444        0x4 
                0x0000000020000448                _sstack = .
                0x0000000020000848                . = (. + STACK_SIZE)
 *fill*         0x0000000020000448      0x400 
                0x0000000020000848                . = ALIGN (0x8)
                0x0000000020000848                _estack = .
                0x0000000020000848                . = ALIGN (0x4)
                0x0000000020000848                _end = .
OUTPUT(Sensor_D11.elf elf32-littlearm)

.ARM.attributes
                0x0000000000000000       0x28
 .ARM.attributes
                0x0000000000000000       0x1e /usr/local/Cellar/arm-none-eabi-gcc/8-2018-q4-major/gcc/bin/../lib/gcc/arm-none-eabi/8.2.1/thumb/v6-m/nofp/crti.o
 .ARM.attributes
                0x000000000000001e       0x2c /usr/local/Cellar/arm-none-eabi-gcc/8-2018-q4-major/gcc/bin/../lib/gcc/arm-none-eabi/8.2.1/thumb/v6-m/nofp/crtbegin.o
 .ARM.attributes
                0x000000000000004a       0x2c BodyTemp/mrt311.o
 .ARM.attributes
                0x0000000000000076       0x2c clock.o
 .ARM.attributes
                0x00000000000000a2       0x2c device.o
 .ARM.attributes
                0x00000000000000ce       0x2c main.o
 .ARM.attributes
                0x00000000000000fa       0x2c PPG/ppg.o
 .ARM.attributes
                0x0000000000000126       0x2c sensor.o
 .ARM.attributes
                0x0000000000000152       0x2c sercom_i2c.o
 .ARM.attributes
                0x000000000000017e       0x2c USB/Class/dfu.o
 .ARM.attributes
                0x00000000000001aa       0x2c USB/Class/msft_20.o
 .ARM.attributes
                0x00000000000001d6       0x2c USB/usb.o
 .ARM.attributes
                0x0000000000000202       0x2c USB/usbserial.o
 .ARM.attributes
                0x000000000000022e       0x2c USB/usb_requests.o
 .ARM.attributes
                0x000000000000025a       0x2c USB/usb_samd.o
 .ARM.attributes
                0x0000000000000286       0x2c Device_Startup/startup_samd11.o
 .ARM.attributes
                0x00000000000002b2       0x2c Device_Startup/system_samd11.o
 .ARM.attributes
                0x00000000000002de       0x2c /usr/local/Cellar/arm-none-eabi-gcc/8-2018-q4-major/gcc/bin/../lib/gcc/arm-none-eabi/8.2.1/../../../../arm-none-eabi/lib/thumb/v6-m/nofp/libc_nano.a(lib_a-init.o)
 .ARM.attributes
                0x000000000000030a       0x2c /usr/local/Cellar/arm-none-eabi-gcc/8-2018-q4-major/gcc/bin/../lib/gcc/arm-none-eabi/8.2.1/../../../../arm-none-eabi/lib/thumb/v6-m/nofp/libc_nano.a(lib_a-memcpy-stub.o)
 .ARM.attributes
                0x0000000000000336       0x2c /usr/local/Cellar/arm-none-eabi-gcc/8-2018-q4-major/gcc/bin/../lib/gcc/arm-none-eabi/8.2.1/../../../../arm-none-eabi/lib/thumb/v6-m/nofp/libc_nano.a(lib_a-memset.o)
 .ARM.attributes
                0x0000000000000362       0x1c /usr/local/Cellar/arm-none-eabi-gcc/8-2018-q4-major/gcc/bin/../lib/gcc/arm-none-eabi/8.2.1/../../../../arm-none-eabi/lib/thumb/v6-m/nofp/libc_nano.a(lib_a-strlen.o)
 .ARM.attributes
                0x000000000000037e       0x1e /usr/local/Cellar/arm-none-eabi-gcc/8-2018-q4-major/gcc/bin/../lib/gcc/arm-none-eabi/8.2.1/thumb/v6-m/nofp/crtn.o

.comment        0x0000000000000000       0x75
 .comment       0x0000000000000000       0x75 BodyTemp/mrt311.o
                                         0x76 (size before relaxing)
 .comment       0x0000000000000075       0x76 clock.o
 .comment       0x0000000000000075       0x76 device.o
 .comment       0x0000000000000075       0x76 main.o
 .comment       0x0000000000000075       0x76 PPG/ppg.o
 .comment       0x0000000000000075       0x76 sensor.o
 .comment       0x0000000000000075       0x76 sercom_i2c.o
 .comment       0x0000000000000075       0x76 USB/Class/dfu.o
 .comment       0x0000000000000075       0x76 USB/Class/msft_20.o
 .comment       0x0000000000000075       0x76 USB/usb.o
 .comment       0x0000000000000075       0x76 USB/usbserial.o
 .comment       0x0000000000000075       0x76 USB/usb_requests.o
 .comment       0x0000000000000075       0x76 USB/usb_samd.o
 .comment       0x0000000000000075       0x76 Device_Startup/startup_samd11.o
 .comment       0x0000000000000075       0x76 Device_Startup/system_samd11.o

.debug_info     0x0000000000000000    0x1a449
 .debug_info    0x0000000000000000     0x1eed BodyTemp/mrt311.o
 .debug_info    0x0000000000001eed     0x24b1 clock.o
 .debug_info    0x000000000000439e     0x10b9 device.o
 .debug_info    0x0000000000005457     0x13a5 main.o
 .debug_info    0x00000000000067fc     0x2907 PPG/ppg.o
 .debug_info    0x0000000000009103      0xbf4 sensor.o
 .debug_info    0x0000000000009cf7     0x3519 sercom_i2c.o
 .debug_info    0x000000000000d210     0x237e USB/Class/dfu.o
 .debug_info    0x000000000000f58e      0xd0c USB/Class/msft_20.o
 .debug_info    0x000000000001029a     0x18d1 USB/usb.o
 .debug_info    0x0000000000011b6b      0xee8 USB/usbserial.o
 .debug_info    0x0000000000012a53     0x1385 USB/usb_requests.o
 .debug_info    0x0000000000013dd8     0x3a21 USB/usb_samd.o
 .debug_info    0x00000000000177f9     0x2b8a Device_Startup/startup_samd11.o
 .debug_info    0x000000000001a383       0xc6 Device_Startup/system_samd11.o

.debug_abbrev   0x0000000000000000     0x2f8c
 .debug_abbrev  0x0000000000000000      0x2d3 BodyTemp/mrt311.o
 .debug_abbrev  0x00000000000002d3      0x2fd clock.o
 .debug_abbrev  0x00000000000005d0      0x32f device.o
 .debug_abbrev  0x00000000000008ff      0x319 main.o
 .debug_abbrev  0x0000000000000c18      0x471 PPG/ppg.o
 .debug_abbrev  0x0000000000001089      0x2cb sensor.o
 .debug_abbrev  0x0000000000001354      0x3ff sercom_i2c.o
 .debug_abbrev  0x0000000000001753      0x381 USB/Class/dfu.o
 .debug_abbrev  0x0000000000001ad4      0x236 USB/Class/msft_20.o
 .debug_abbrev  0x0000000000001d0a      0x367 USB/usb.o
 .debug_abbrev  0x0000000000002071      0x319 USB/usbserial.o
 .debug_abbrev  0x000000000000238a      0x3b3 USB/usb_requests.o
 .debug_abbrev  0x000000000000273d      0x545 USB/usb_samd.o
 .debug_abbrev  0x0000000000002c82      0x292 Device_Startup/startup_samd11.o
 .debug_abbrev  0x0000000000002f14       0x78 Device_Startup/system_samd11.o

.debug_loc      0x0000000000000000     0x1ee5
 .debug_loc     0x0000000000000000      0x4db BodyTemp/mrt311.o
 .debug_loc     0x00000000000004db       0xad clock.o
 .debug_loc     0x0000000000000588       0xb7 device.o
 .debug_loc     0x000000000000063f       0xfc main.o
 .debug_loc     0x000000000000073b       0xe0 PPG/ppg.o
 .debug_loc     0x000000000000081b       0x7a sensor.o
 .debug_loc     0x0000000000000895      0x41a sercom_i2c.o
 .debug_loc     0x0000000000000caf       0xc0 USB/Class/dfu.o
 .debug_loc     0x0000000000000d6f       0x25 USB/Class/msft_20.o
 .debug_loc     0x0000000000000d94      0x542 USB/usb.o
 .debug_loc     0x00000000000012d6      0x16f USB/usbserial.o
 .debug_loc     0x0000000000001445      0x286 USB/usb_requests.o
 .debug_loc     0x00000000000016cb      0x7c7 USB/usb_samd.o
 .debug_loc     0x0000000000001e92       0x53 Device_Startup/startup_samd11.o

.debug_aranges  0x0000000000000000      0x448
 .debug_aranges
                0x0000000000000000       0x58 BodyTemp/mrt311.o
 .debug_aranges
                0x0000000000000058       0x38 clock.o
 .debug_aranges
                0x0000000000000090       0x30 device.o
 .debug_aranges
                0x00000000000000c0       0x28 main.o
 .debug_aranges
                0x00000000000000e8       0x40 PPG/ppg.o
 .debug_aranges
                0x0000000000000128       0x38 sensor.o
 .debug_aranges
                0x0000000000000160       0x60 sercom_i2c.o
 .debug_aranges
                0x00000000000001c0       0x28 USB/Class/dfu.o
 .debug_aranges
                0x00000000000001e8       0x20 USB/Class/msft_20.o
 .debug_aranges
                0x0000000000000208       0x80 USB/usb.o
 .debug_aranges
                0x0000000000000288       0x60 USB/usbserial.o
 .debug_aranges
                0x00000000000002e8       0x50 USB/usb_requests.o
 .debug_aranges
                0x0000000000000338       0xc0 USB/usb_samd.o
 .debug_aranges
                0x00000000000003f8       0x28 Device_Startup/startup_samd11.o
 .debug_aranges
                0x0000000000000420       0x28 Device_Startup/system_samd11.o

.debug_ranges   0x0000000000000000      0x3e8
 .debug_ranges  0x0000000000000000       0x48 BodyTemp/mrt311.o
 .debug_ranges  0x0000000000000048       0x28 clock.o
 .debug_ranges  0x0000000000000070       0x38 device.o
 .debug_ranges  0x00000000000000a8       0x30 main.o
 .debug_ranges  0x00000000000000d8       0x48 PPG/ppg.o
 .debug_ranges  0x0000000000000120       0x28 sensor.o
 .debug_ranges  0x0000000000000148       0x68 sercom_i2c.o
 .debug_ranges  0x00000000000001b0       0x18 USB/Class/dfu.o
 .debug_ranges  0x00000000000001c8       0x10 USB/Class/msft_20.o
 .debug_ranges  0x00000000000001d8       0x70 USB/usb.o
 .debug_ranges  0x0000000000000248       0x50 USB/usbserial.o
 .debug_ranges  0x0000000000000298       0x40 USB/usb_requests.o
 .debug_ranges  0x00000000000002d8       0xe0 USB/usb_samd.o
 .debug_ranges  0x00000000000003b8       0x18 Device_Startup/startup_samd11.o
 .debug_ranges  0x00000000000003d0       0x18 Device_Startup/system_samd11.o

.debug_macro    0x0000000000000000    0x1182e
 .debug_macro   0x0000000000000000      0x2d0 BodyTemp/mrt311.o
 .debug_macro   0x00000000000002d0      0xa72 BodyTemp/mrt311.o
 .debug_macro   0x0000000000000d42       0x22 BodyTemp/mrt311.o
 .debug_macro   0x0000000000000d64       0x8e BodyTemp/mrt311.o
 .debug_macro   0x0000000000000df2       0x51 BodyTemp/mrt311.o
 .debug_macro   0x0000000000000e43       0xef BodyTemp/mrt311.o
 .debug_macro   0x0000000000000f32       0x6a BodyTemp/mrt311.o
 .debug_macro   0x0000000000000f9c      0x1df BodyTemp/mrt311.o
 .debug_macro   0x000000000000117b       0x39 BodyTemp/mrt311.o
 .debug_macro   0x00000000000011b4       0x3a BodyTemp/mrt311.o
 .debug_macro   0x00000000000011ee       0x26 BodyTemp/mrt311.o
 .debug_macro   0x0000000000001214      0x329 BodyTemp/mrt311.o
 .debug_macro   0x000000000000153d      0x67e BodyTemp/mrt311.o
 .debug_macro   0x0000000000001bbb      0x8b1 BodyTemp/mrt311.o
 .debug_macro   0x000000000000246c      0x22e BodyTemp/mrt311.o
 .debug_macro   0x000000000000269a      0xc0c BodyTemp/mrt311.o
 .debug_macro   0x00000000000032a6      0x5e7 BodyTemp/mrt311.o
 .debug_macro   0x000000000000388d      0x7c6 BodyTemp/mrt311.o
 .debug_macro   0x0000000000004053      0x4e3 BodyTemp/mrt311.o
 .debug_macro   0x0000000000004536      0x37f BodyTemp/mrt311.o
 .debug_macro   0x00000000000048b5      0x189 BodyTemp/mrt311.o
 .debug_macro   0x0000000000004a3e      0x21c BodyTemp/mrt311.o
 .debug_macro   0x0000000000004c5a      0x735 BodyTemp/mrt311.o
 .debug_macro   0x000000000000538f       0x5e BodyTemp/mrt311.o
 .debug_macro   0x00000000000053ed      0x624 BodyTemp/mrt311.o
 .debug_macro   0x0000000000005a11      0x3ac BodyTemp/mrt311.o
 .debug_macro   0x0000000000005dbd      0xc76 BodyTemp/mrt311.o
 .debug_macro   0x0000000000006a33     0x1092 BodyTemp/mrt311.o
 .debug_macro   0x0000000000007ac5      0xc19 BodyTemp/mrt311.o
 .debug_macro   0x00000000000086de      0x6ba BodyTemp/mrt311.o
 .debug_macro   0x0000000000008d98     0x1b83 BodyTemp/mrt311.o
 .debug_macro   0x000000000000a91b      0xb7c BodyTemp/mrt311.o
 .debug_macro   0x000000000000b497      0x340 BodyTemp/mrt311.o
 .debug_macro   0x000000000000b7d7       0x7c BodyTemp/mrt311.o
 .debug_macro   0x000000000000b853       0xa0 BodyTemp/mrt311.o
 .debug_macro   0x000000000000b8f3       0x4c BodyTemp/mrt311.o
 .debug_macro   0x000000000000b93f       0xca BodyTemp/mrt311.o
 .debug_macro   0x000000000000ba09       0xb8 BodyTemp/mrt311.o
 .debug_macro   0x000000000000bac1       0x58 BodyTemp/mrt311.o
 .debug_macro   0x000000000000bb19      0x201 BodyTemp/mrt311.o
 .debug_macro   0x000000000000bd1a       0x82 BodyTemp/mrt311.o
 .debug_macro   0x000000000000bd9c      0x189 BodyTemp/mrt311.o
 .debug_macro   0x000000000000bf25       0xa0 BodyTemp/mrt311.o
 .debug_macro   0x000000000000bfc5       0xac BodyTemp/mrt311.o
 .debug_macro   0x000000000000c071       0x1c BodyTemp/mrt311.o
 .debug_macro   0x000000000000c08d       0x1c BodyTemp/mrt311.o
 .debug_macro   0x000000000000c0a9       0x1c BodyTemp/mrt311.o
 .debug_macro   0x000000000000c0c5       0x82 BodyTemp/mrt311.o
 .debug_macro   0x000000000000c147      0x112 BodyTemp/mrt311.o
 .debug_macro   0x000000000000c259       0x10 BodyTemp/mrt311.o
 .debug_macro   0x000000000000c269       0xdc BodyTemp/mrt311.o
 .debug_macro   0x000000000000c345      0x124 BodyTemp/mrt311.o
 .debug_macro   0x000000000000c469      0x124 BodyTemp/mrt311.o
 .debug_macro   0x000000000000c58d      0x124 BodyTemp/mrt311.o
 .debug_macro   0x000000000000c6b1      0x124 BodyTemp/mrt311.o
 .debug_macro   0x000000000000c7d5       0xe2 BodyTemp/mrt311.o
 .debug_macro   0x000000000000c8b7       0xe2 BodyTemp/mrt311.o
 .debug_macro   0x000000000000c999      0x12a BodyTemp/mrt311.o
 .debug_macro   0x000000000000cac3      0x1fa BodyTemp/mrt311.o
 .debug_macro   0x000000000000ccbd       0x40 BodyTemp/mrt311.o
 .debug_macro   0x000000000000ccfd      0x306 BodyTemp/mrt311.o
 .debug_macro   0x000000000000d003      0xff9 BodyTemp/mrt311.o
 .debug_macro   0x000000000000dffc       0x5f BodyTemp/mrt311.o
 .debug_macro   0x000000000000e05b       0x10 BodyTemp/mrt311.o
 .debug_macro   0x000000000000e06b       0x10 BodyTemp/mrt311.o
 .debug_macro   0x000000000000e07b       0x58 BodyTemp/mrt311.o
 .debug_macro   0x000000000000e0d3      0x2b9 clock.o
 .debug_macro   0x000000000000e38c      0x397 device.o
 .debug_macro   0x000000000000e723       0x5e device.o
 .debug_macro   0x000000000000e781      0x4a3 main.o
 .debug_macro   0x000000000000ec24       0x22 main.o
 .debug_macro   0x000000000000ec46       0xbe main.o
 .debug_macro   0x000000000000ed04       0xda main.o
 .debug_macro   0x000000000000edde      0x462 PPG/ppg.o
 .debug_macro   0x000000000000f240       0x16 PPG/ppg.o
 .debug_macro   0x000000000000f256       0x97 PPG/ppg.o
 .debug_macro   0x000000000000f2ed       0xf6 PPG/ppg.o
 .debug_macro   0x000000000000f3e3       0x16 PPG/ppg.o
 .debug_macro   0x000000000000f3f9       0x3f PPG/ppg.o
 .debug_macro   0x000000000000f438      0x438 sensor.o
 .debug_macro   0x000000000000f870       0x1c sensor.o
 .debug_macro   0x000000000000f88c      0x2db sercom_i2c.o
 .debug_macro   0x000000000000fb67      0x394 USB/Class/dfu.o
 .debug_macro   0x000000000000fefb       0x2e USB/Class/dfu.o
 .debug_macro   0x000000000000ff29      0x398 USB/Class/msft_20.o
 .debug_macro   0x00000000000102c1       0x2e USB/Class/msft_20.o
 .debug_macro   0x00000000000102ef      0x421 USB/usb.o
 .debug_macro   0x0000000000010710       0x10 USB/usb.o
 .debug_macro   0x0000000000010720       0x52 USB/usb.o
 .debug_macro   0x0000000000010772      0x3cd USB/usbserial.o
 .debug_macro   0x0000000000010b3f       0x10 USB/usbserial.o
 .debug_macro   0x0000000000010b4f      0x3a1 USB/usb_requests.o
 .debug_macro   0x0000000000010ef0      0x3e6 USB/usb_samd.o
 .debug_macro   0x00000000000112d6      0x2a9 Device_Startup/startup_samd11.o
 .debug_macro   0x000000000001157f      0x2af Device_Startup/system_samd11.o

.debug_line     0x0000000000000000     0x7fe3
 .debug_line    0x0000000000000000      0x8d7 BodyTemp/mrt311.o
 .debug_line    0x00000000000008d7      0x78c clock.o
 .debug_line    0x0000000000001063      0x741 device.o
 .debug_line    0x00000000000017a4      0x832 main.o
 .debug_line    0x0000000000001fd6      0x8f9 PPG/ppg.o
 .debug_line    0x00000000000028cf      0x844 sensor.o
 .debug_line    0x0000000000003113      0xcc1 sercom_i2c.o
 .debug_line    0x0000000000003dd4      0x697 USB/Class/dfu.o
 .debug_line    0x000000000000446b      0x60c USB/Class/msft_20.o
 .debug_line    0x0000000000004a77      0x909 USB/usb.o
 .debug_line    0x0000000000005380      0x7e3 USB/usbserial.o
 .debug_line    0x0000000000005b63      0xb42 USB/usb_requests.o
 .debug_line    0x00000000000066a5      0xdf6 USB/usb_samd.o
 .debug_line    0x000000000000749b      0x5e1 Device_Startup/startup_samd11.o
 .debug_line    0x0000000000007a7c      0x567 Device_Startup/system_samd11.o

.debug_str      0x0000000000000000    0x6482e
 .debug_str     0x0000000000000000    0x5c2f5 BodyTemp/mrt311.o
                                      0x5c697 (size before relaxing)
 .debug_str     0x000000000005c2f5      0x792 clock.o
                                      0x5c7b6 (size before relaxing)
 .debug_str     0x000000000005ca87     0x2f9c device.o
                                      0x5eed6 (size before relaxing)
 .debug_str     0x000000000005fa23     0x1c96 main.o
                                      0x60caf (size before relaxing)
 .debug_str     0x00000000000616b9      0x392 PPG/ppg.o
                                      0x60b43 (size before relaxing)
 .debug_str     0x0000000000061a4b      0x2f5 sensor.o
                                      0x5f1a3 (size before relaxing)
 .debug_str     0x0000000000061d40      0x707 sercom_i2c.o
                                      0x5cae6 (size before relaxing)
 .debug_str     0x0000000000062447      0x659 USB/Class/dfu.o
                                      0x5fd3d (size before relaxing)
 .debug_str     0x0000000000062aa0      0x2d4 USB/Class/msft_20.o
                                      0x5f867 (size before relaxing)
 .debug_str     0x0000000000062d74      0xb5d USB/usb.o
                                      0x60416 (size before relaxing)
 .debug_str     0x00000000000638d1      0x177 USB/usbserial.o
                                      0x5f985 (size before relaxing)
 .debug_str     0x0000000000063a48      0x2e2 USB/usb_requests.o
                                      0x5fbc8 (size before relaxing)
 .debug_str     0x0000000000063d2a      0x2dc USB/usb_samd.o
                                      0x606ba (size before relaxing)
 .debug_str     0x0000000000064006      0x7bf Device_Startup/startup_samd11.o
                                      0x5cb0f (size before relaxing)
 .debug_str     0x00000000000647c5       0x69 Device_Startup/system_samd11.o
                                      0x5bd17 (size before relaxing)

.debug_frame    0x0000000000000000      0x994
 .debug_frame   0x0000000000000000      0x108 BodyTemp/mrt311.o
 .debug_frame   0x0000000000000108       0x64 clock.o
 .debug_frame   0x000000000000016c       0x50 device.o
 .debug_frame   0x00000000000001bc       0x3c main.o
 .debug_frame   0x00000000000001f8       0x90 PPG/ppg.o
 .debug_frame   0x0000000000000288       0x68 sensor.o
 .debug_frame   0x00000000000002f0       0xf8 sercom_i2c.o
 .debug_frame   0x00000000000003e8       0x3c USB/Class/dfu.o
 .debug_frame   0x0000000000000424       0x20 USB/Class/msft_20.o
 .debug_frame   0x0000000000000444      0x128 USB/usb.o
 .debug_frame   0x000000000000056c       0xcc USB/usbserial.o
 .debug_frame   0x0000000000000638       0xc0 USB/usb_requests.o
 .debug_frame   0x00000000000006f8      0x1b8 USB/usb_samd.o
 .debug_frame   0x00000000000008b0       0x40 Device_Startup/startup_samd11.o
 .debug_frame   0x00000000000008f0       0x30 Device_Startup/system_samd11.o
 .debug_frame   0x0000000000000920       0x2c /usr/local/Cellar/arm-none-eabi-gcc/8-2018-q4-major/gcc/bin/../lib/gcc/arm-none-eabi/8.2.1/../../../../arm-none-eabi/lib/thumb/v6-m/nofp/libc_nano.a(lib_a-init.o)
 .debug_frame   0x000000000000094c       0x28 /usr/local/Cellar/arm-none-eabi-gcc/8-2018-q4-major/gcc/bin/../lib/gcc/arm-none-eabi/8.2.1/../../../../arm-none-eabi/lib/thumb/v6-m/nofp/libc_nano.a(lib_a-memcpy-stub.o)
 .debug_frame   0x0000000000000974       0x20 /usr/local/Cellar/arm-none-eabi-gcc/8-2018-q4-major/gcc/bin/../lib/gcc/arm-none-eabi/8.2.1/../../../../arm-none-eabi/lib/thumb/v6-m/nofp/libc_nano.a(lib_a-memset.o)
